TimeQuest Timing Analyzer report for counter
Fri Dec 01 15:46:56 2017
Quartus Prime Version 16.1.0 Build 196 10/24/2016 SJ Standard Edition


---------------------
; Table of Contents ;
---------------------
  1. Legal Notice
  2. TimeQuest Timing Analyzer Summary
  3. Parallel Compilation
  4. Clocks
  5. Slow 1200mV 85C Model Fmax Summary
  6. Timing Closure Recommendations
  7. Slow 1200mV 85C Model Setup Summary
  8. Slow 1200mV 85C Model Hold Summary
  9. Slow 1200mV 85C Model Recovery Summary
 10. Slow 1200mV 85C Model Removal Summary
 11. Slow 1200mV 85C Model Minimum Pulse Width Summary
 12. Slow 1200mV 85C Model Setup: 'CLK'
 13. Slow 1200mV 85C Model Setup: 'CLRN'
 14. Slow 1200mV 85C Model Hold: 'CLRN'
 15. Slow 1200mV 85C Model Hold: 'CLK'
 16. Slow 1200mV 85C Model Recovery: 'CLK'
 17. Slow 1200mV 85C Model Recovery: 'CLRN'
 18. Slow 1200mV 85C Model Removal: 'CLRN'
 19. Slow 1200mV 85C Model Removal: 'CLK'
 20. Slow 1200mV 85C Model Metastability Summary
 21. Slow 1200mV 0C Model Fmax Summary
 22. Slow 1200mV 0C Model Setup Summary
 23. Slow 1200mV 0C Model Hold Summary
 24. Slow 1200mV 0C Model Recovery Summary
 25. Slow 1200mV 0C Model Removal Summary
 26. Slow 1200mV 0C Model Minimum Pulse Width Summary
 27. Slow 1200mV 0C Model Setup: 'CLK'
 28. Slow 1200mV 0C Model Setup: 'CLRN'
 29. Slow 1200mV 0C Model Hold: 'CLRN'
 30. Slow 1200mV 0C Model Hold: 'CLK'
 31. Slow 1200mV 0C Model Recovery: 'CLK'
 32. Slow 1200mV 0C Model Recovery: 'CLRN'
 33. Slow 1200mV 0C Model Removal: 'CLRN'
 34. Slow 1200mV 0C Model Removal: 'CLK'
 35. Slow 1200mV 0C Model Metastability Summary
 36. Fast 1200mV 0C Model Setup Summary
 37. Fast 1200mV 0C Model Hold Summary
 38. Fast 1200mV 0C Model Recovery Summary
 39. Fast 1200mV 0C Model Removal Summary
 40. Fast 1200mV 0C Model Minimum Pulse Width Summary
 41. Fast 1200mV 0C Model Setup: 'CLK'
 42. Fast 1200mV 0C Model Setup: 'CLRN'
 43. Fast 1200mV 0C Model Hold: 'CLRN'
 44. Fast 1200mV 0C Model Hold: 'CLK'
 45. Fast 1200mV 0C Model Recovery: 'CLK'
 46. Fast 1200mV 0C Model Recovery: 'CLRN'
 47. Fast 1200mV 0C Model Removal: 'CLRN'
 48. Fast 1200mV 0C Model Removal: 'CLK'
 49. Fast 1200mV 0C Model Metastability Summary
 50. Multicorner Timing Analysis Summary
 51. Board Trace Model Assignments
 52. Input Transition Times
 53. Signal Integrity Metrics (Slow 1200mv 0c Model)
 54. Signal Integrity Metrics (Slow 1200mv 85c Model)
 55. Signal Integrity Metrics (Fast 1200mv 0c Model)
 56. Setup Transfers
 57. Hold Transfers
 58. Recovery Transfers
 59. Removal Transfers
 60. Report TCCS
 61. Report RSKM
 62. Unconstrained Paths Summary
 63. Clock Status Summary
 64. Unconstrained Input Ports
 65. Unconstrained Output Ports
 66. Unconstrained Input Ports
 67. Unconstrained Output Ports
 68. TimeQuest Timing Analyzer Messages



----------------
; Legal Notice ;
----------------
Copyright (C) 2016  Intel Corporation. All rights reserved.
Your use of Intel Corporation's design tools, logic functions 
and other software and tools, and its AMPP partner logic 
functions, and any output files from any of the foregoing 
(including device programming or simulation files), and any 
associated documentation or information are expressly subject 
to the terms and conditions of the Intel Program License 
Subscription Agreement, the Intel Quartus Prime License Agreement,
the Intel MegaCore Function License Agreement, or other 
applicable license agreement, including, without limitation, 
that your use is for the sole purpose of programming logic 
devices manufactured by Intel and sold by Intel or its 
authorized distributors.  Please refer to the applicable 
agreement for further details.



+---------------------------------------------------------------------------------+
; TimeQuest Timing Analyzer Summary                                               ;
+-----------------------+---------------------------------------------------------+
; Quartus Prime Version ; Version 16.1.0 Build 196 10/24/2016 SJ Standard Edition ;
; Timing Analyzer       ; TimeQuest                                               ;
; Revision Name         ; counter                                                 ;
; Device Family         ; Cyclone IV E                                            ;
; Device Name           ; EP4CE115F29C7                                           ;
; Timing Models         ; Final                                                   ;
; Delay Model           ; Combined                                                ;
; Rise/Fall Delays      ; Enabled                                                 ;
+-----------------------+---------------------------------------------------------+


+------------------------------------------+
; Parallel Compilation                     ;
+----------------------------+-------------+
; Processors                 ; Number      ;
+----------------------------+-------------+
; Number detected on machine ; 2           ;
; Maximum allowed            ; 2           ;
;                            ;             ;
; Average used               ; 1.00        ;
; Maximum used               ; 2           ;
;                            ;             ;
; Usage by Processor         ; % Time Used ;
;     Processor 1            ; 100.0%      ;
;     Processor 2            ;   0.1%      ;
+----------------------------+-------------+


+----------------------------------------------------------------------------------------------------------------------------------------------------------------------------------+
; Clocks                                                                                                                                                                           ;
+------------+------+--------+------------+-------+-------+------------+-----------+-------------+-------+--------+-----------+------------+----------+--------+--------+----------+
; Clock Name ; Type ; Period ; Frequency  ; Rise  ; Fall  ; Duty Cycle ; Divide by ; Multiply by ; Phase ; Offset ; Edge List ; Edge Shift ; Inverted ; Master ; Source ; Targets  ;
+------------+------+--------+------------+-------+-------+------------+-----------+-------------+-------+--------+-----------+------------+----------+--------+--------+----------+
; CLK        ; Base ; 1.000  ; 1000.0 MHz ; 0.000 ; 0.500 ;            ;           ;             ;       ;        ;           ;            ;          ;        ;        ; { CLK }  ;
; CLRN       ; Base ; 1.000  ; 1000.0 MHz ; 0.000 ; 0.500 ;            ;           ;             ;       ;        ;           ;            ;          ;        ;        ; { CLRN } ;
+------------+------+--------+------------+-------+-------+------------+-----------+-------------+-------+--------+-----------+------------+----------+--------+--------+----------+


+-----------------------------------------------------------------------------------------------------------+
; Slow 1200mV 85C Model Fmax Summary                                                                        ;
+------------+-----------------+------------+---------------------------------------------------------------+
; Fmax       ; Restricted Fmax ; Clock Name ; Note                                                          ;
+------------+-----------------+------------+---------------------------------------------------------------+
; 322.16 MHz ; 250.0 MHz       ; CLK        ; limit due to minimum period restriction (max I/O toggle rate) ;
; 323.73 MHz ; 250.0 MHz       ; CLRN       ; limit due to minimum period restriction (max I/O toggle rate) ;
+------------+-----------------+------------+---------------------------------------------------------------+
This panel reports FMAX for every clock in the design, regardless of the user-specified clock periods.  FMAX is only computed for paths where the source and destination registers or ports are driven by the same clock.  Paths of different clocks, including generated clocks, are ignored.  For paths between a clock and its inversion, FMAX is computed as if the rising and falling edges are scaled along with FMAX, such that the duty cycle (in terms of a percentage) is maintained. Altera recommends that you always use clock constraints and other slack reports for sign-off analysis.


----------------------------------
; Timing Closure Recommendations ;
----------------------------------
HTML report is unavailable in plain text report export.


+-------------------------------------+
; Slow 1200mV 85C Model Setup Summary ;
+-------+--------+--------------------+
; Clock ; Slack  ; End Point TNS      ;
+-------+--------+--------------------+
; CLK   ; -2.104 ; -2.104             ;
; CLRN  ; -2.089 ; -3.153             ;
+-------+--------+--------------------+


+------------------------------------+
; Slow 1200mV 85C Model Hold Summary ;
+-------+-------+--------------------+
; Clock ; Slack ; End Point TNS      ;
+-------+-------+--------------------+
; CLRN  ; 0.747 ; 0.000              ;
; CLK   ; 1.543 ; 0.000              ;
+-------+-------+--------------------+


+----------------------------------------+
; Slow 1200mV 85C Model Recovery Summary ;
+-------+--------+-----------------------+
; Clock ; Slack  ; End Point TNS         ;
+-------+--------+-----------------------+
; CLK   ; -1.143 ; -1.143                ;
; CLRN  ; -0.691 ; -1.209                ;
+-------+--------+-----------------------+


+---------------------------------------+
; Slow 1200mV 85C Model Removal Summary ;
+-------+-------+-----------------------+
; Clock ; Slack ; End Point TNS         ;
+-------+-------+-----------------------+
; CLRN  ; 0.584 ; 0.000                 ;
; CLK   ; 1.153 ; 0.000                 ;
+-------+-------+-----------------------+


+---------------------------------------------------+
; Slow 1200mV 85C Model Minimum Pulse Width Summary ;
+-------+--------+----------------------------------+
; Clock ; Slack  ; End Point TNS                    ;
+-------+--------+----------------------------------+
; CLRN  ; -3.000 ; -5.570                           ;
; CLK   ; -3.000 ; -4.285                           ;
+-------+--------+----------------------------------+


+----------------------------------------------------------------------------------------------------------------+
; Slow 1200mV 85C Model Setup: 'CLK'                                                                             ;
+--------+----------------+----------------+--------------+-------------+--------------+------------+------------+
; Slack  ; From Node      ; To Node        ; Launch Clock ; Latch Clock ; Relationship ; Clock Skew ; Data Delay ;
+--------+----------------+----------------+--------------+-------------+--------------+------------+------------+
; -2.104 ; inst~_emulated ; inst~_emulated ; CLK          ; CLK         ; 1.000        ; -0.087     ; 3.035      ;
; -1.664 ; CLRN           ; inst~_emulated ; CLRN         ; CLK         ; 0.500        ; 2.037      ; 4.189      ;
; -1.136 ; CLRN           ; inst~_emulated ; CLRN         ; CLK         ; 1.000        ; 2.037      ; 4.161      ;
+--------+----------------+----------------+--------------+-------------+--------------+------------+------------+


+------------------------------------------------------------------------------------------------------------------+
; Slow 1200mV 85C Model Setup: 'CLRN'                                                                              ;
+--------+-----------------+-----------------+--------------+-------------+--------------+------------+------------+
; Slack  ; From Node       ; To Node         ; Launch Clock ; Latch Clock ; Relationship ; Clock Skew ; Data Delay ;
+--------+-----------------+-----------------+--------------+-------------+--------------+------------+------------+
; -2.089 ; inst1~_emulated ; inst1~_emulated ; CLRN         ; CLRN        ; 1.000        ; -0.116     ; 2.991      ;
; -1.064 ; inst2~_emulated ; inst2~_emulated ; CLRN         ; CLRN        ; 1.000        ; -0.124     ; 1.958      ;
; -0.733 ; CLRN            ; inst1~_emulated ; CLRN         ; CLRN        ; 0.500        ; 2.881      ; 4.132      ;
; -0.724 ; CLRN            ; inst2~_emulated ; CLRN         ; CLRN        ; 0.500        ; 3.083      ; 4.325      ;
; -0.299 ; CLRN            ; inst2~_emulated ; CLRN         ; CLRN        ; 1.000        ; 3.083      ; 4.400      ;
; -0.278 ; CLRN            ; inst1~_emulated ; CLRN         ; CLRN        ; 1.000        ; 2.881      ; 4.177      ;
+--------+-----------------+-----------------+--------------+-------------+--------------+------------+------------+


+-----------------------------------------------------------------------------------------------------------------+
; Slow 1200mV 85C Model Hold: 'CLRN'                                                                              ;
+-------+-----------------+-----------------+--------------+-------------+--------------+------------+------------+
; Slack ; From Node       ; To Node         ; Launch Clock ; Latch Clock ; Relationship ; Clock Skew ; Data Delay ;
+-------+-----------------+-----------------+--------------+-------------+--------------+------------+------------+
; 0.747 ; CLRN            ; inst1~_emulated ; CLRN         ; CLRN        ; 0.000        ; 2.997      ; 3.930      ;
; 0.805 ; CLRN            ; inst2~_emulated ; CLRN         ; CLRN        ; 0.000        ; 3.207      ; 4.198      ;
; 1.182 ; CLRN            ; inst1~_emulated ; CLRN         ; CLRN        ; -0.500       ; 2.997      ; 3.865      ;
; 1.249 ; CLRN            ; inst2~_emulated ; CLRN         ; CLRN        ; -0.500       ; 3.207      ; 4.142      ;
; 1.435 ; inst2~_emulated ; inst2~_emulated ; CLRN         ; CLRN        ; 0.000        ; 0.124      ; 1.745      ;
; 2.369 ; inst1~_emulated ; inst1~_emulated ; CLRN         ; CLRN        ; 0.000        ; 0.116      ; 2.671      ;
+-------+-----------------+-----------------+--------------+-------------+--------------+------------+------------+


+---------------------------------------------------------------------------------------------------------------+
; Slow 1200mV 85C Model Hold: 'CLK'                                                                             ;
+-------+----------------+----------------+--------------+-------------+--------------+------------+------------+
; Slack ; From Node      ; To Node        ; Launch Clock ; Latch Clock ; Relationship ; Clock Skew ; Data Delay ;
+-------+----------------+----------------+--------------+-------------+--------------+------------+------------+
; 1.543 ; CLRN           ; inst~_emulated ; CLRN         ; CLK         ; 0.000        ; 2.124      ; 3.883      ;
; 2.096 ; CLRN           ; inst~_emulated ; CLRN         ; CLK         ; -0.500       ; 2.124      ; 3.936      ;
; 2.425 ; inst~_emulated ; inst~_emulated ; CLK          ; CLK         ; 0.000        ; 0.087      ; 2.698      ;
+-------+----------------+----------------+--------------+-------------+--------------+------------+------------+


+-----------------------------------------------------------------------------------------------------------+
; Slow 1200mV 85C Model Recovery: 'CLK'                                                                     ;
+--------+-----------+----------------+--------------+-------------+--------------+------------+------------+
; Slack  ; From Node ; To Node        ; Launch Clock ; Latch Clock ; Relationship ; Clock Skew ; Data Delay ;
+--------+-----------+----------------+--------------+-------------+--------------+------------+------------+
; -1.143 ; CLRN      ; inst~_emulated ; CLRN         ; CLK         ; 0.500        ; 2.037      ; 3.668      ;
; -0.632 ; CLRN      ; inst~_emulated ; CLRN         ; CLK         ; 1.000        ; 2.037      ; 3.657      ;
+--------+-----------+----------------+--------------+-------------+--------------+------------+------------+


+------------------------------------------------------------------------------------------------------------+
; Slow 1200mV 85C Model Recovery: 'CLRN'                                                                     ;
+--------+-----------+-----------------+--------------+-------------+--------------+------------+------------+
; Slack  ; From Node ; To Node         ; Launch Clock ; Latch Clock ; Relationship ; Clock Skew ; Data Delay ;
+--------+-----------+-----------------+--------------+-------------+--------------+------------+------------+
; -0.691 ; CLRN      ; inst1~_emulated ; CLRN         ; CLRN        ; 0.500        ; 2.881      ; 4.090      ;
; -0.518 ; CLRN      ; inst2~_emulated ; CLRN         ; CLRN        ; 0.500        ; 3.083      ; 4.119      ;
; -0.253 ; CLRN      ; inst1~_emulated ; CLRN         ; CLRN        ; 1.000        ; 2.881      ; 4.152      ;
; -0.067 ; CLRN      ; inst2~_emulated ; CLRN         ; CLRN        ; 1.000        ; 3.083      ; 4.168      ;
+--------+-----------+-----------------+--------------+-------------+--------------+------------+------------+


+-----------------------------------------------------------------------------------------------------------+
; Slow 1200mV 85C Model Removal: 'CLRN'                                                                     ;
+-------+-----------+-----------------+--------------+-------------+--------------+------------+------------+
; Slack ; From Node ; To Node         ; Launch Clock ; Latch Clock ; Relationship ; Clock Skew ; Data Delay ;
+-------+-----------+-----------------+--------------+-------------+--------------+------------+------------+
; 0.584 ; CLRN      ; inst2~_emulated ; CLRN         ; CLRN        ; 0.000        ; 3.207      ; 3.977      ;
; 0.779 ; CLRN      ; inst1~_emulated ; CLRN         ; CLRN        ; 0.000        ; 2.997      ; 3.962      ;
; 1.044 ; CLRN      ; inst2~_emulated ; CLRN         ; CLRN        ; -0.500       ; 3.207      ; 3.937      ;
; 1.226 ; CLRN      ; inst1~_emulated ; CLRN         ; CLRN        ; -0.500       ; 2.997      ; 3.909      ;
+-------+-----------+-----------------+--------------+-------------+--------------+------------+------------+


+----------------------------------------------------------------------------------------------------------+
; Slow 1200mV 85C Model Removal: 'CLK'                                                                     ;
+-------+-----------+----------------+--------------+-------------+--------------+------------+------------+
; Slack ; From Node ; To Node        ; Launch Clock ; Latch Clock ; Relationship ; Clock Skew ; Data Delay ;
+-------+-----------+----------------+--------------+-------------+--------------+------------+------------+
; 1.153 ; CLRN      ; inst~_emulated ; CLRN         ; CLK         ; 0.000        ; 2.124      ; 3.493      ;
; 1.658 ; CLRN      ; inst~_emulated ; CLRN         ; CLK         ; -0.500       ; 2.124      ; 3.498      ;
+-------+-----------+----------------+--------------+-------------+--------------+------------+------------+


-----------------------------------------------
; Slow 1200mV 85C Model Metastability Summary ;
-----------------------------------------------
No synchronizer chains to report.


+-----------------------------------------------------------------------------------------------------------+
; Slow 1200mV 0C Model Fmax Summary                                                                         ;
+------------+-----------------+------------+---------------------------------------------------------------+
; Fmax       ; Restricted Fmax ; Clock Name ; Note                                                          ;
+------------+-----------------+------------+---------------------------------------------------------------+
; 350.51 MHz ; 250.0 MHz       ; CLK        ; limit due to minimum period restriction (max I/O toggle rate) ;
; 350.75 MHz ; 250.0 MHz       ; CLRN       ; limit due to minimum period restriction (max I/O toggle rate) ;
+------------+-----------------+------------+---------------------------------------------------------------+
This panel reports FMAX for every clock in the design, regardless of the user-specified clock periods.  FMAX is only computed for paths where the source and destination registers or ports are driven by the same clock.  Paths of different clocks, including generated clocks, are ignored.  For paths between a clock and its inversion, FMAX is computed as if the rising and falling edges are scaled along with FMAX, such that the duty cycle (in terms of a percentage) is maintained. Altera recommends that you always use clock constraints and other slack reports for sign-off analysis.


+------------------------------------+
; Slow 1200mV 0C Model Setup Summary ;
+-------+--------+-------------------+
; Clock ; Slack  ; End Point TNS     ;
+-------+--------+-------------------+
; CLK   ; -1.853 ; -1.853            ;
; CLRN  ; -1.851 ; -2.768            ;
+-------+--------+-------------------+


+-----------------------------------+
; Slow 1200mV 0C Model Hold Summary ;
+-------+-------+-------------------+
; Clock ; Slack ; End Point TNS     ;
+-------+-------+-------------------+
; CLRN  ; 0.671 ; 0.000             ;
; CLK   ; 1.438 ; 0.000             ;
+-------+-------+-------------------+


+---------------------------------------+
; Slow 1200mV 0C Model Recovery Summary ;
+-------+--------+----------------------+
; Clock ; Slack  ; End Point TNS        ;
+-------+--------+----------------------+
; CLK   ; -0.932 ; -0.932               ;
; CLRN  ; -0.641 ; -1.127               ;
+-------+--------+----------------------+


+--------------------------------------+
; Slow 1200mV 0C Model Removal Summary ;
+-------+-------+----------------------+
; Clock ; Slack ; End Point TNS        ;
+-------+-------+----------------------+
; CLRN  ; 0.562 ; 0.000                ;
; CLK   ; 1.054 ; 0.000                ;
+-------+-------+----------------------+


+--------------------------------------------------+
; Slow 1200mV 0C Model Minimum Pulse Width Summary ;
+-------+--------+---------------------------------+
; Clock ; Slack  ; End Point TNS                   ;
+-------+--------+---------------------------------+
; CLRN  ; -3.000 ; -5.570                          ;
; CLK   ; -3.000 ; -4.285                          ;
+-------+--------+---------------------------------+


+----------------------------------------------------------------------------------------------------------------+
; Slow 1200mV 0C Model Setup: 'CLK'                                                                              ;
+--------+----------------+----------------+--------------+-------------+--------------+------------+------------+
; Slack  ; From Node      ; To Node        ; Launch Clock ; Latch Clock ; Relationship ; Clock Skew ; Data Delay ;
+--------+----------------+----------------+--------------+-------------+--------------+------------+------------+
; -1.853 ; inst~_emulated ; inst~_emulated ; CLK          ; CLK         ; 1.000        ; -0.078     ; 2.794      ;
; -1.398 ; CLRN           ; inst~_emulated ; CLRN         ; CLK         ; 0.500        ; 1.911      ; 3.798      ;
; -0.976 ; CLRN           ; inst~_emulated ; CLRN         ; CLK         ; 1.000        ; 1.911      ; 3.876      ;
+--------+----------------+----------------+--------------+-------------+--------------+------------+------------+


+------------------------------------------------------------------------------------------------------------------+
; Slow 1200mV 0C Model Setup: 'CLRN'                                                                               ;
+--------+-----------------+-----------------+--------------+-------------+--------------+------------+------------+
; Slack  ; From Node       ; To Node         ; Launch Clock ; Latch Clock ; Relationship ; Clock Skew ; Data Delay ;
+--------+-----------------+-----------------+--------------+-------------+--------------+------------+------------+
; -1.851 ; inst1~_emulated ; inst1~_emulated ; CLRN         ; CLRN        ; 1.000        ; -0.104     ; 2.766      ;
; -0.917 ; inst2~_emulated ; inst2~_emulated ; CLRN         ; CLRN        ; 1.000        ; -0.113     ; 1.823      ;
; -0.759 ; CLRN            ; inst2~_emulated ; CLRN         ; CLRN        ; 0.500        ; 2.791      ; 4.069      ;
; -0.738 ; CLRN            ; inst1~_emulated ; CLRN         ; CLRN        ; 0.500        ; 2.610      ; 3.867      ;
; -0.169 ; CLRN            ; inst2~_emulated ; CLRN         ; CLRN        ; 1.000        ; 2.791      ; 3.979      ;
; -0.146 ; CLRN            ; inst1~_emulated ; CLRN         ; CLRN        ; 1.000        ; 2.610      ; 3.775      ;
+--------+-----------------+-----------------+--------------+-------------+--------------+------------+------------+


+-----------------------------------------------------------------------------------------------------------------+
; Slow 1200mV 0C Model Hold: 'CLRN'                                                                               ;
+-------+-----------------+-----------------+--------------+-------------+--------------+------------+------------+
; Slack ; From Node       ; To Node         ; Launch Clock ; Latch Clock ; Relationship ; Clock Skew ; Data Delay ;
+-------+-----------------+-----------------+--------------+-------------+--------------+------------+------------+
; 0.671 ; CLRN            ; inst1~_emulated ; CLRN         ; CLRN        ; 0.000        ; 2.714      ; 3.556      ;
; 0.729 ; CLRN            ; inst2~_emulated ; CLRN         ; CLRN        ; 0.000        ; 2.904      ; 3.804      ;
; 1.239 ; CLRN            ; inst1~_emulated ; CLRN         ; CLRN        ; -0.500       ; 2.714      ; 3.624      ;
; 1.290 ; inst2~_emulated ; inst2~_emulated ; CLRN         ; CLRN        ; 0.000        ; 0.113      ; 1.574      ;
; 1.317 ; CLRN            ; inst2~_emulated ; CLRN         ; CLRN        ; -0.500       ; 2.904      ; 3.892      ;
; 2.133 ; inst1~_emulated ; inst1~_emulated ; CLRN         ; CLRN        ; 0.000        ; 0.104      ; 2.408      ;
+-------+-----------------+-----------------+--------------+-------------+--------------+------------+------------+


+---------------------------------------------------------------------------------------------------------------+
; Slow 1200mV 0C Model Hold: 'CLK'                                                                              ;
+-------+----------------+----------------+--------------+-------------+--------------+------------+------------+
; Slack ; From Node      ; To Node        ; Launch Clock ; Latch Clock ; Relationship ; Clock Skew ; Data Delay ;
+-------+----------------+----------------+--------------+-------------+--------------+------------+------------+
; 1.438 ; CLRN           ; inst~_emulated ; CLRN         ; CLK         ; 0.000        ; 1.989      ; 3.628      ;
; 1.874 ; CLRN           ; inst~_emulated ; CLRN         ; CLK         ; -0.500       ; 1.989      ; 3.564      ;
; 2.183 ; inst~_emulated ; inst~_emulated ; CLK          ; CLK         ; 0.000        ; 0.078      ; 2.432      ;
+-------+----------------+----------------+--------------+-------------+--------------+------------+------------+


+-----------------------------------------------------------------------------------------------------------+
; Slow 1200mV 0C Model Recovery: 'CLK'                                                                      ;
+--------+-----------+----------------+--------------+-------------+--------------+------------+------------+
; Slack  ; From Node ; To Node        ; Launch Clock ; Latch Clock ; Relationship ; Clock Skew ; Data Delay ;
+--------+-----------+----------------+--------------+-------------+--------------+------------+------------+
; -0.932 ; CLRN      ; inst~_emulated ; CLRN         ; CLK         ; 0.500        ; 1.911      ; 3.332      ;
; -0.488 ; CLRN      ; inst~_emulated ; CLRN         ; CLK         ; 1.000        ; 1.911      ; 3.388      ;
+--------+-----------+----------------+--------------+-------------+--------------+------------+------------+


+------------------------------------------------------------------------------------------------------------+
; Slow 1200mV 0C Model Recovery: 'CLRN'                                                                      ;
+--------+-----------+-----------------+--------------+-------------+--------------+------------+------------+
; Slack  ; From Node ; To Node         ; Launch Clock ; Latch Clock ; Relationship ; Clock Skew ; Data Delay ;
+--------+-----------+-----------------+--------------+-------------+--------------+------------+------------+
; -0.641 ; CLRN      ; inst1~_emulated ; CLRN         ; CLRN        ; 0.500        ; 2.610      ; 3.770      ;
; -0.486 ; CLRN      ; inst2~_emulated ; CLRN         ; CLRN        ; 0.500        ; 2.791      ; 3.796      ;
; -0.155 ; CLRN      ; inst1~_emulated ; CLRN         ; CLRN        ; 1.000        ; 2.610      ; 3.784      ;
; 0.004  ; CLRN      ; inst2~_emulated ; CLRN         ; CLRN        ; 1.000        ; 2.791      ; 3.806      ;
+--------+-----------+-----------------+--------------+-------------+--------------+------------+------------+


+-----------------------------------------------------------------------------------------------------------+
; Slow 1200mV 0C Model Removal: 'CLRN'                                                                      ;
+-------+-----------+-----------------+--------------+-------------+--------------+------------+------------+
; Slack ; From Node ; To Node         ; Launch Clock ; Latch Clock ; Relationship ; Clock Skew ; Data Delay ;
+-------+-----------+-----------------+--------------+-------------+--------------+------------+------------+
; 0.562 ; CLRN      ; inst2~_emulated ; CLRN         ; CLRN        ; 0.000        ; 2.904      ; 3.637      ;
; 0.731 ; CLRN      ; inst1~_emulated ; CLRN         ; CLRN        ; 0.000        ; 2.714      ; 3.616      ;
; 1.060 ; CLRN      ; inst2~_emulated ; CLRN         ; CLRN        ; -0.500       ; 2.904      ; 3.635      ;
; 1.226 ; CLRN      ; inst1~_emulated ; CLRN         ; CLRN        ; -0.500       ; 2.714      ; 3.611      ;
+-------+-----------+-----------------+--------------+-------------+--------------+------------+------------+


+----------------------------------------------------------------------------------------------------------+
; Slow 1200mV 0C Model Removal: 'CLK'                                                                      ;
+-------+-----------+----------------+--------------+-------------+--------------+------------+------------+
; Slack ; From Node ; To Node        ; Launch Clock ; Latch Clock ; Relationship ; Clock Skew ; Data Delay ;
+-------+-----------+----------------+--------------+-------------+--------------+------------+------------+
; 1.054 ; CLRN      ; inst~_emulated ; CLRN         ; CLK         ; 0.000        ; 1.989      ; 3.244      ;
; 1.491 ; CLRN      ; inst~_emulated ; CLRN         ; CLK         ; -0.500       ; 1.989      ; 3.181      ;
+-------+-----------+----------------+--------------+-------------+--------------+------------+------------+


----------------------------------------------
; Slow 1200mV 0C Model Metastability Summary ;
----------------------------------------------
No synchronizer chains to report.


+------------------------------------+
; Fast 1200mV 0C Model Setup Summary ;
+-------+--------+-------------------+
; Clock ; Slack  ; End Point TNS     ;
+-------+--------+-------------------+
; CLK   ; -1.075 ; -1.075            ;
; CLRN  ; -0.596 ; -0.603            ;
+-------+--------+-------------------+


+-----------------------------------+
; Fast 1200mV 0C Model Hold Summary ;
+-------+-------+-------------------+
; Clock ; Slack ; End Point TNS     ;
+-------+-------+-------------------+
; CLRN  ; 0.415 ; 0.000             ;
; CLK   ; 0.724 ; 0.000             ;
+-------+-------+-------------------+


+---------------------------------------+
; Fast 1200mV 0C Model Recovery Summary ;
+-------+--------+----------------------+
; Clock ; Slack  ; End Point TNS        ;
+-------+--------+----------------------+
; CLK   ; -0.710 ; -0.710               ;
; CLRN  ; 0.327  ; 0.000                ;
+-------+--------+----------------------+


+--------------------------------------+
; Fast 1200mV 0C Model Removal Summary ;
+-------+-------+----------------------+
; Clock ; Slack ; End Point TNS        ;
+-------+-------+----------------------+
; CLRN  ; 0.241 ; 0.000                ;
; CLK   ; 0.520 ; 0.000                ;
+-------+-------+----------------------+


+--------------------------------------------------+
; Fast 1200mV 0C Model Minimum Pulse Width Summary ;
+-------+--------+---------------------------------+
; Clock ; Slack  ; End Point TNS                   ;
+-------+--------+---------------------------------+
; CLRN  ; -3.000 ; -5.362                          ;
; CLK   ; -3.000 ; -4.094                          ;
+-------+--------+---------------------------------+


+----------------------------------------------------------------------------------------------------------------+
; Fast 1200mV 0C Model Setup: 'CLK'                                                                              ;
+--------+----------------+----------------+--------------+-------------+--------------+------------+------------+
; Slack  ; From Node      ; To Node        ; Launch Clock ; Latch Clock ; Relationship ; Clock Skew ; Data Delay ;
+--------+----------------+----------------+--------------+-------------+--------------+------------+------------+
; -1.075 ; CLRN           ; inst~_emulated ; CLRN         ; CLK         ; 0.500        ; 0.962      ; 2.514      ;
; -0.602 ; inst~_emulated ; inst~_emulated ; CLK          ; CLK         ; 1.000        ; -0.043     ; 1.566      ;
; -0.039 ; CLRN           ; inst~_emulated ; CLRN         ; CLK         ; 1.000        ; 0.962      ; 1.978      ;
+--------+----------------+----------------+--------------+-------------+--------------+------------+------------+


+------------------------------------------------------------------------------------------------------------------+
; Fast 1200mV 0C Model Setup: 'CLRN'                                                                               ;
+--------+-----------------+-----------------+--------------+-------------+--------------+------------+------------+
; Slack  ; From Node       ; To Node         ; Launch Clock ; Latch Clock ; Relationship ; Clock Skew ; Data Delay ;
+--------+-----------------+-----------------+--------------+-------------+--------------+------------+------------+
; -0.596 ; inst1~_emulated ; inst1~_emulated ; CLRN         ; CLRN        ; 1.000        ; -0.061     ; 1.542      ;
; -0.007 ; inst2~_emulated ; inst2~_emulated ; CLRN         ; CLRN        ; 1.000        ; -0.066     ; 0.948      ;
; 0.263  ; CLRN            ; inst2~_emulated ; CLRN         ; CLRN        ; 1.000        ; 1.876      ; 2.620      ;
; 0.275  ; CLRN            ; inst1~_emulated ; CLRN         ; CLRN        ; 1.000        ; 1.769      ; 2.501      ;
; 0.322  ; CLRN            ; inst1~_emulated ; CLRN         ; CLRN        ; 0.500        ; 1.769      ; 1.954      ;
; 0.356  ; CLRN            ; inst2~_emulated ; CLRN         ; CLRN        ; 0.500        ; 1.876      ; 2.027      ;
+--------+-----------------+-----------------+--------------+-------------+--------------+------------+------------+


+-----------------------------------------------------------------------------------------------------------------+
; Fast 1200mV 0C Model Hold: 'CLRN'                                                                               ;
+-------+-----------------+-----------------+--------------+-------------+--------------+------------+------------+
; Slack ; From Node       ; To Node         ; Launch Clock ; Latch Clock ; Relationship ; Clock Skew ; Data Delay ;
+-------+-----------------+-----------------+--------------+-------------+--------------+------------+------------+
; 0.415 ; CLRN            ; inst2~_emulated ; CLRN         ; CLRN        ; -0.500       ; 1.942      ; 1.941      ;
; 0.418 ; CLRN            ; inst1~_emulated ; CLRN         ; CLRN        ; -0.500       ; 1.830      ; 1.832      ;
; 0.455 ; CLRN            ; inst1~_emulated ; CLRN         ; CLRN        ; 0.000        ; 1.830      ; 2.369      ;
; 0.482 ; CLRN            ; inst2~_emulated ; CLRN         ; CLRN        ; 0.000        ; 1.942      ; 2.508      ;
; 0.663 ; inst2~_emulated ; inst2~_emulated ; CLRN         ; CLRN        ; 0.000        ; 0.066      ; 0.813      ;
; 1.135 ; inst1~_emulated ; inst1~_emulated ; CLRN         ; CLRN        ; 0.000        ; 0.061      ; 1.280      ;
+-------+-----------------+-----------------+--------------+-------------+--------------+------------+------------+


+---------------------------------------------------------------------------------------------------------------+
; Fast 1200mV 0C Model Hold: 'CLK'                                                                              ;
+-------+----------------+----------------+--------------+-------------+--------------+------------+------------+
; Slack ; From Node      ; To Node        ; Launch Clock ; Latch Clock ; Relationship ; Clock Skew ; Data Delay ;
+-------+----------------+----------------+--------------+-------------+--------------+------------+------------+
; 0.724 ; CLRN           ; inst~_emulated ; CLRN         ; CLK         ; 0.000        ; 1.005      ; 1.843      ;
; 1.168 ; inst~_emulated ; inst~_emulated ; CLK          ; CLK         ; 0.000        ; 0.043      ; 1.295      ;
; 1.765 ; CLRN           ; inst~_emulated ; CLRN         ; CLK         ; -0.500       ; 1.005      ; 2.384      ;
+-------+----------------+----------------+--------------+-------------+--------------+------------+------------+


+-----------------------------------------------------------------------------------------------------------+
; Fast 1200mV 0C Model Recovery: 'CLK'                                                                      ;
+--------+-----------+----------------+--------------+-------------+--------------+------------+------------+
; Slack  ; From Node ; To Node        ; Launch Clock ; Latch Clock ; Relationship ; Clock Skew ; Data Delay ;
+--------+-----------+----------------+--------------+-------------+--------------+------------+------------+
; -0.710 ; CLRN      ; inst~_emulated ; CLRN         ; CLK         ; 0.500        ; 0.962      ; 2.149      ;
; 0.217  ; CLRN      ; inst~_emulated ; CLRN         ; CLK         ; 1.000        ; 0.962      ; 1.722      ;
+--------+-----------+----------------+--------------+-------------+--------------+------------+------------+


+-----------------------------------------------------------------------------------------------------------+
; Fast 1200mV 0C Model Recovery: 'CLRN'                                                                     ;
+-------+-----------+-----------------+--------------+-------------+--------------+------------+------------+
; Slack ; From Node ; To Node         ; Launch Clock ; Latch Clock ; Relationship ; Clock Skew ; Data Delay ;
+-------+-----------+-----------------+--------------+-------------+--------------+------------+------------+
; 0.327 ; CLRN      ; inst1~_emulated ; CLRN         ; CLRN        ; 0.500        ; 1.769      ; 1.949      ;
; 0.415 ; CLRN      ; inst2~_emulated ; CLRN         ; CLRN        ; 0.500        ; 1.876      ; 1.968      ;
; 0.417 ; CLRN      ; inst1~_emulated ; CLRN         ; CLRN        ; 1.000        ; 1.769      ; 2.359      ;
; 0.515 ; CLRN      ; inst2~_emulated ; CLRN         ; CLRN        ; 1.000        ; 1.876      ; 2.368      ;
+-------+-----------+-----------------+--------------+-------------+--------------+------------+------------+


+-----------------------------------------------------------------------------------------------------------+
; Fast 1200mV 0C Model Removal: 'CLRN'                                                                      ;
+-------+-----------+-----------------+--------------+-------------+--------------+------------+------------+
; Slack ; From Node ; To Node         ; Launch Clock ; Latch Clock ; Relationship ; Clock Skew ; Data Delay ;
+-------+-----------+-----------------+--------------+-------------+--------------+------------+------------+
; 0.241 ; CLRN      ; inst2~_emulated ; CLRN         ; CLRN        ; 0.000        ; 1.942      ; 2.267      ;
; 0.345 ; CLRN      ; inst1~_emulated ; CLRN         ; CLRN        ; 0.000        ; 1.830      ; 2.259      ;
; 0.349 ; CLRN      ; inst2~_emulated ; CLRN         ; CLRN        ; -0.500       ; 1.942      ; 1.875      ;
; 0.443 ; CLRN      ; inst1~_emulated ; CLRN         ; CLRN        ; -0.500       ; 1.830      ; 1.857      ;
+-------+-----------+-----------------+--------------+-------------+--------------+------------+------------+


+----------------------------------------------------------------------------------------------------------+
; Fast 1200mV 0C Model Removal: 'CLK'                                                                      ;
+-------+-----------+----------------+--------------+-------------+--------------+------------+------------+
; Slack ; From Node ; To Node        ; Launch Clock ; Latch Clock ; Relationship ; Clock Skew ; Data Delay ;
+-------+-----------+----------------+--------------+-------------+--------------+------------+------------+
; 0.520 ; CLRN      ; inst~_emulated ; CLRN         ; CLK         ; 0.000        ; 1.005      ; 1.639      ;
; 1.438 ; CLRN      ; inst~_emulated ; CLRN         ; CLK         ; -0.500       ; 1.005      ; 2.057      ;
+-------+-----------+----------------+--------------+-------------+--------------+------------+------------+


----------------------------------------------
; Fast 1200mV 0C Model Metastability Summary ;
----------------------------------------------
No synchronizer chains to report.


+------------------------------------------------------------------------------+
; Multicorner Timing Analysis Summary                                          ;
+------------------+--------+-------+----------+---------+---------------------+
; Clock            ; Setup  ; Hold  ; Recovery ; Removal ; Minimum Pulse Width ;
+------------------+--------+-------+----------+---------+---------------------+
; Worst-case Slack ; -2.104 ; 0.415 ; -1.143   ; 0.241   ; -3.000              ;
;  CLK             ; -2.104 ; 0.724 ; -1.143   ; 0.520   ; -3.000              ;
;  CLRN            ; -2.089 ; 0.415 ; -0.691   ; 0.241   ; -3.000              ;
; Design-wide TNS  ; -5.257 ; 0.0   ; -2.352   ; 0.0     ; -9.855              ;
;  CLK             ; -2.104 ; 0.000 ; -1.143   ; 0.000   ; -4.285              ;
;  CLRN            ; -3.153 ; 0.000 ; -1.209   ; 0.000   ; -5.570              ;
+------------------+--------+-------+----------+---------+---------------------+


+------------------------------------------------------------------------------------------------------------------------------------------------------------------------------------------------------------------------------------------------------------------------------------------------------------------------------------------------------------------------------------------------------------------+
; Board Trace Model Assignments                                                                                                                                                                                                                                                                                                                                                                                    ;
+---------------+--------------+-------------------+-------------------------+-------------------------+---------------+---------------------+----------------+------------------+--------+------------------+------------------------+------------------------+--------------+---------------+-----------------+-------+---------------------+--------------------+---------------+-----------------+-------------+
; Pin           ; I/O Standard ; Near Tline Length ; Near Tline L per Length ; Near Tline C per Length ; Near Series R ; Near Differential R ; Near Pull-up R ; Near Pull-down R ; Near C ; Far Tline Length ; Far Tline L per Length ; Far Tline C per Length ; Far Series R ; Far Pull-up R ; Far Pull-down R ; Far C ; Termination Voltage ; Far Differential R ; EBD File Name ; EBD Signal Name ; EBD Far-end ;
+---------------+--------------+-------------------+-------------------------+-------------------------+---------------+---------------------+----------------+------------------+--------+------------------+------------------------+------------------------+--------------+---------------+-----------------+-------+---------------------+--------------------+---------------+-----------------+-------------+
; OUT_1         ; 2.5 V        ; 0 in              ; 0 H/in                  ; 0 F/in                  ; short         ; -                   ; open           ; open             ; open   ; 0 in             ; 0 H/in                 ; 0 F/in                 ; short        ; open          ; open            ; open  ; 0 V                 ; -                  ; n/a           ; n/a             ; n/a         ;
; OUT_0         ; 2.5 V        ; 0 in              ; 0 H/in                  ; 0 F/in                  ; short         ; -                   ; open           ; open             ; open   ; 0 in             ; 0 H/in                 ; 0 F/in                 ; short        ; open          ; open            ; open  ; 0 V                 ; -                  ; n/a           ; n/a             ; n/a         ;
; OUT_2         ; 2.5 V        ; 0 in              ; 0 H/in                  ; 0 F/in                  ; short         ; -                   ; open           ; open             ; open   ; 0 in             ; 0 H/in                 ; 0 F/in                 ; short        ; open          ; open            ; open  ; 0 V                 ; -                  ; n/a           ; n/a             ; n/a         ;
; ~ALTERA_DCLK~ ; 2.5 V        ; 0 in              ; 0 H/in                  ; 0 F/in                  ; short         ; -                   ; open           ; open             ; open   ; 0 in             ; 0 H/in                 ; 0 F/in                 ; short        ; open          ; open            ; open  ; 0 V                 ; -                  ; n/a           ; n/a             ; n/a         ;
; ~ALTERA_nCEO~ ; 2.5 V        ; 0 in              ; 0 H/in                  ; 0 F/in                  ; short         ; -                   ; open           ; open             ; open   ; 0 in             ; 0 H/in                 ; 0 F/in                 ; short        ; open          ; open            ; open  ; 0 V                 ; -                  ; n/a           ; n/a             ; n/a         ;
+---------------+--------------+-------------------+-------------------------+-------------------------+---------------+---------------------+----------------+------------------+--------+------------------+------------------------+------------------------+--------------+---------------+-----------------+-------+---------------------+--------------------+---------------+-----------------+-------------+


+----------------------------------------------------------------------------+
; Input Transition Times                                                     ;
+-------------------------+--------------+-----------------+-----------------+
; Pin                     ; I/O Standard ; 10-90 Rise Time ; 90-10 Fall Time ;
+-------------------------+--------------+-----------------+-----------------+
; PRN                     ; 2.5 V        ; 2000 ps         ; 2000 ps         ;
; CLRN                    ; 2.5 V        ; 2000 ps         ; 2000 ps         ;
; ENABLE                  ; 2.5 V        ; 2000 ps         ; 2000 ps         ;
; CLK                     ; 2.5 V        ; 2000 ps         ; 2000 ps         ;
; ~ALTERA_ASDO_DATA1~     ; 2.5 V        ; 2000 ps         ; 2000 ps         ;
; ~ALTERA_FLASH_nCE_nCSO~ ; 2.5 V        ; 2000 ps         ; 2000 ps         ;
; ~ALTERA_DATA0~          ; 2.5 V        ; 2000 ps         ; 2000 ps         ;
+-------------------------+--------------+-----------------+-----------------+


+--------------------------------------------------------------------------------------------------------------------------------------------------------------------------------------------------------------------------------------------------------------------------------------------------------------------------------------------------------------------------------------------------------------------------------------------------------------------------------------------------------------------------------------------------------------------------------------------------------------------------------------------------------------------------------------------+
; Signal Integrity Metrics (Slow 1200mv 0c Model)                                                                                                                                                                                                                                                                                                                                                                                                                                                                                                                                                                                                                                            ;
+---------------+--------------+---------------------+---------------------+------------------------------+------------------------------+---------------------+---------------------+--------------------------------------+--------------------------------------+-----------------------------+-----------------------------+----------------------------+----------------------------+-----------------------------+-----------------------------+--------------------+--------------------+-------------------------------------+-------------------------------------+----------------------------+----------------------------+---------------------------+---------------------------+
; Pin           ; I/O Standard ; Board Delay on Rise ; Board Delay on Fall ; Steady State Voh at FPGA Pin ; Steady State Vol at FPGA Pin ; Voh Max at FPGA Pin ; Vol Min at FPGA Pin ; Ringback Voltage on Rise at FPGA Pin ; Ringback Voltage on Fall at FPGA Pin ; 10-90 Rise Time at FPGA Pin ; 90-10 Fall Time at FPGA Pin ; Monotonic Rise at FPGA Pin ; Monotonic Fall at FPGA Pin ; Steady State Voh at Far-end ; Steady State Vol at Far-end ; Voh Max at Far-end ; Vol Min at Far-end ; Ringback Voltage on Rise at Far-end ; Ringback Voltage on Fall at Far-end ; 10-90 Rise Time at Far-end ; 90-10 Fall Time at Far-end ; Monotonic Rise at Far-end ; Monotonic Fall at Far-end ;
+---------------+--------------+---------------------+---------------------+------------------------------+------------------------------+---------------------+---------------------+--------------------------------------+--------------------------------------+-----------------------------+-----------------------------+----------------------------+----------------------------+-----------------------------+-----------------------------+--------------------+--------------------+-------------------------------------+-------------------------------------+----------------------------+----------------------------+---------------------------+---------------------------+
; OUT_1         ; 2.5 V        ; 0 s                 ; 0 s                 ; 2.32 V                       ; 4.49e-09 V                   ; 2.38 V              ; -0.00552 V          ; 0.096 V                              ; 0.019 V                              ; 4.18e-10 s                  ; 3.59e-10 s                  ; No                         ; Yes                        ; 2.32 V                      ; 4.49e-09 V                  ; 2.38 V             ; -0.00552 V         ; 0.096 V                             ; 0.019 V                             ; 4.18e-10 s                 ; 3.59e-10 s                 ; No                        ; Yes                       ;
; OUT_0         ; 2.5 V        ; 0 s                 ; 0 s                 ; 2.32 V                       ; 4.49e-09 V                   ; 2.38 V              ; -0.00552 V          ; 0.096 V                              ; 0.019 V                              ; 4.18e-10 s                  ; 3.59e-10 s                  ; No                         ; Yes                        ; 2.32 V                      ; 4.49e-09 V                  ; 2.38 V             ; -0.00552 V         ; 0.096 V                             ; 0.019 V                             ; 4.18e-10 s                 ; 3.59e-10 s                 ; No                        ; Yes                       ;
; OUT_2         ; 2.5 V        ; 0 s                 ; 0 s                 ; 2.32 V                       ; 4.49e-09 V                   ; 2.38 V              ; -0.00552 V          ; 0.096 V                              ; 0.019 V                              ; 4.18e-10 s                  ; 3.59e-10 s                  ; No                         ; Yes                        ; 2.32 V                      ; 4.49e-09 V                  ; 2.38 V             ; -0.00552 V         ; 0.096 V                             ; 0.019 V                             ; 4.18e-10 s                 ; 3.59e-10 s                 ; No                        ; Yes                       ;
; ~ALTERA_DCLK~ ; 2.5 V        ; 0 s                 ; 0 s                 ; 2.32 V                       ; 2.67e-09 V                   ; 2.38 V              ; -0.0485 V           ; 0.167 V                              ; 0.096 V                              ; 2.95e-10 s                  ; 2.73e-10 s                  ; Yes                        ; Yes                        ; 2.32 V                      ; 2.67e-09 V                  ; 2.38 V             ; -0.0485 V          ; 0.167 V                             ; 0.096 V                             ; 2.95e-10 s                 ; 2.73e-10 s                 ; Yes                       ; Yes                       ;
; ~ALTERA_nCEO~ ; 2.5 V        ; 0 s                 ; 0 s                 ; 2.32 V                       ; 4.18e-09 V                   ; 2.38 V              ; -0.00483 V          ; 0.152 V                              ; 0.012 V                              ; 4.81e-10 s                  ; 6.29e-10 s                  ; Yes                        ; Yes                        ; 2.32 V                      ; 4.18e-09 V                  ; 2.38 V             ; -0.00483 V         ; 0.152 V                             ; 0.012 V                             ; 4.81e-10 s                 ; 6.29e-10 s                 ; Yes                       ; Yes                       ;
+---------------+--------------+---------------------+---------------------+------------------------------+------------------------------+---------------------+---------------------+--------------------------------------+--------------------------------------+-----------------------------+-----------------------------+----------------------------+----------------------------+-----------------------------+-----------------------------+--------------------+--------------------+-------------------------------------+-------------------------------------+----------------------------+----------------------------+---------------------------+---------------------------+


+--------------------------------------------------------------------------------------------------------------------------------------------------------------------------------------------------------------------------------------------------------------------------------------------------------------------------------------------------------------------------------------------------------------------------------------------------------------------------------------------------------------------------------------------------------------------------------------------------------------------------------------------------------------------------------------------+
; Signal Integrity Metrics (Slow 1200mv 85c Model)                                                                                                                                                                                                                                                                                                                                                                                                                                                                                                                                                                                                                                           ;
+---------------+--------------+---------------------+---------------------+------------------------------+------------------------------+---------------------+---------------------+--------------------------------------+--------------------------------------+-----------------------------+-----------------------------+----------------------------+----------------------------+-----------------------------+-----------------------------+--------------------+--------------------+-------------------------------------+-------------------------------------+----------------------------+----------------------------+---------------------------+---------------------------+
; Pin           ; I/O Standard ; Board Delay on Rise ; Board Delay on Fall ; Steady State Voh at FPGA Pin ; Steady State Vol at FPGA Pin ; Voh Max at FPGA Pin ; Vol Min at FPGA Pin ; Ringback Voltage on Rise at FPGA Pin ; Ringback Voltage on Fall at FPGA Pin ; 10-90 Rise Time at FPGA Pin ; 90-10 Fall Time at FPGA Pin ; Monotonic Rise at FPGA Pin ; Monotonic Fall at FPGA Pin ; Steady State Voh at Far-end ; Steady State Vol at Far-end ; Voh Max at Far-end ; Vol Min at Far-end ; Ringback Voltage on Rise at Far-end ; Ringback Voltage on Fall at Far-end ; 10-90 Rise Time at Far-end ; 90-10 Fall Time at Far-end ; Monotonic Rise at Far-end ; Monotonic Fall at Far-end ;
+---------------+--------------+---------------------+---------------------+------------------------------+------------------------------+---------------------+---------------------+--------------------------------------+--------------------------------------+-----------------------------+-----------------------------+----------------------------+----------------------------+-----------------------------+-----------------------------+--------------------+--------------------+-------------------------------------+-------------------------------------+----------------------------+----------------------------+---------------------------+---------------------------+
; OUT_1         ; 2.5 V        ; 0 s                 ; 0 s                 ; 2.32 V                       ; 6.92e-07 V                   ; 2.35 V              ; -0.00996 V          ; 0.121 V                              ; 0.03 V                               ; 4.64e-10 s                  ; 4.47e-10 s                  ; Yes                        ; Yes                        ; 2.32 V                      ; 6.92e-07 V                  ; 2.35 V             ; -0.00996 V         ; 0.121 V                             ; 0.03 V                              ; 4.64e-10 s                 ; 4.47e-10 s                 ; Yes                       ; Yes                       ;
; OUT_0         ; 2.5 V        ; 0 s                 ; 0 s                 ; 2.32 V                       ; 6.92e-07 V                   ; 2.35 V              ; -0.00996 V          ; 0.121 V                              ; 0.03 V                               ; 4.64e-10 s                  ; 4.47e-10 s                  ; Yes                        ; Yes                        ; 2.32 V                      ; 6.92e-07 V                  ; 2.35 V             ; -0.00996 V         ; 0.121 V                             ; 0.03 V                              ; 4.64e-10 s                 ; 4.47e-10 s                 ; Yes                       ; Yes                       ;
; OUT_2         ; 2.5 V        ; 0 s                 ; 0 s                 ; 2.32 V                       ; 6.92e-07 V                   ; 2.35 V              ; -0.00996 V          ; 0.121 V                              ; 0.03 V                               ; 4.64e-10 s                  ; 4.47e-10 s                  ; Yes                        ; Yes                        ; 2.32 V                      ; 6.92e-07 V                  ; 2.35 V             ; -0.00996 V         ; 0.121 V                             ; 0.03 V                              ; 4.64e-10 s                 ; 4.47e-10 s                 ; Yes                       ; Yes                       ;
; ~ALTERA_DCLK~ ; 2.5 V        ; 0 s                 ; 0 s                 ; 2.32 V                       ; 3.75e-07 V                   ; 2.35 V              ; -0.0109 V           ; 0.084 V                              ; 0.027 V                              ; 4.31e-10 s                  ; 3.61e-10 s                  ; Yes                        ; Yes                        ; 2.32 V                      ; 3.75e-07 V                  ; 2.35 V             ; -0.0109 V          ; 0.084 V                             ; 0.027 V                             ; 4.31e-10 s                 ; 3.61e-10 s                 ; Yes                       ; Yes                       ;
; ~ALTERA_nCEO~ ; 2.5 V        ; 0 s                 ; 0 s                 ; 2.32 V                       ; 6.15e-07 V                   ; 2.35 V              ; -0.00712 V          ; 0.093 V                              ; 0.02 V                               ; 6.21e-10 s                  ; 7.9e-10 s                   ; Yes                        ; Yes                        ; 2.32 V                      ; 6.15e-07 V                  ; 2.35 V             ; -0.00712 V         ; 0.093 V                             ; 0.02 V                              ; 6.21e-10 s                 ; 7.9e-10 s                  ; Yes                       ; Yes                       ;
+---------------+--------------+---------------------+---------------------+------------------------------+------------------------------+---------------------+---------------------+--------------------------------------+--------------------------------------+-----------------------------+-----------------------------+----------------------------+----------------------------+-----------------------------+-----------------------------+--------------------+--------------------+-------------------------------------+-------------------------------------+----------------------------+----------------------------+---------------------------+---------------------------+


+--------------------------------------------------------------------------------------------------------------------------------------------------------------------------------------------------------------------------------------------------------------------------------------------------------------------------------------------------------------------------------------------------------------------------------------------------------------------------------------------------------------------------------------------------------------------------------------------------------------------------------------------------------------------------------------------+
; Signal Integrity Metrics (Fast 1200mv 0c Model)                                                                                                                                                                                                                                                                                                                                                                                                                                                                                                                                                                                                                                            ;
+---------------+--------------+---------------------+---------------------+------------------------------+------------------------------+---------------------+---------------------+--------------------------------------+--------------------------------------+-----------------------------+-----------------------------+----------------------------+----------------------------+-----------------------------+-----------------------------+--------------------+--------------------+-------------------------------------+-------------------------------------+----------------------------+----------------------------+---------------------------+---------------------------+
; Pin           ; I/O Standard ; Board Delay on Rise ; Board Delay on Fall ; Steady State Voh at FPGA Pin ; Steady State Vol at FPGA Pin ; Voh Max at FPGA Pin ; Vol Min at FPGA Pin ; Ringback Voltage on Rise at FPGA Pin ; Ringback Voltage on Fall at FPGA Pin ; 10-90 Rise Time at FPGA Pin ; 90-10 Fall Time at FPGA Pin ; Monotonic Rise at FPGA Pin ; Monotonic Fall at FPGA Pin ; Steady State Voh at Far-end ; Steady State Vol at Far-end ; Voh Max at Far-end ; Vol Min at Far-end ; Ringback Voltage on Rise at Far-end ; Ringback Voltage on Fall at Far-end ; 10-90 Rise Time at Far-end ; 90-10 Fall Time at Far-end ; Monotonic Rise at Far-end ; Monotonic Fall at Far-end ;
+---------------+--------------+---------------------+---------------------+------------------------------+------------------------------+---------------------+---------------------+--------------------------------------+--------------------------------------+-----------------------------+-----------------------------+----------------------------+----------------------------+-----------------------------+-----------------------------+--------------------+--------------------+-------------------------------------+-------------------------------------+----------------------------+----------------------------+---------------------------+---------------------------+
; OUT_1         ; 2.5 V        ; 0 s                 ; 0 s                 ; 2.62 V                       ; 4.05e-08 V                   ; 2.72 V              ; -0.0349 V           ; 0.173 V                              ; 0.1 V                                ; 2.72e-10 s                  ; 2.69e-10 s                  ; Yes                        ; Yes                        ; 2.62 V                      ; 4.05e-08 V                  ; 2.72 V             ; -0.0349 V          ; 0.173 V                             ; 0.1 V                               ; 2.72e-10 s                 ; 2.69e-10 s                 ; Yes                       ; Yes                       ;
; OUT_0         ; 2.5 V        ; 0 s                 ; 0 s                 ; 2.62 V                       ; 4.05e-08 V                   ; 2.72 V              ; -0.0349 V           ; 0.173 V                              ; 0.1 V                                ; 2.72e-10 s                  ; 2.69e-10 s                  ; Yes                        ; Yes                        ; 2.62 V                      ; 4.05e-08 V                  ; 2.72 V             ; -0.0349 V          ; 0.173 V                             ; 0.1 V                               ; 2.72e-10 s                 ; 2.69e-10 s                 ; Yes                       ; Yes                       ;
; OUT_2         ; 2.5 V        ; 0 s                 ; 0 s                 ; 2.62 V                       ; 4.05e-08 V                   ; 2.72 V              ; -0.0349 V           ; 0.173 V                              ; 0.1 V                                ; 2.72e-10 s                  ; 2.69e-10 s                  ; Yes                        ; Yes                        ; 2.62 V                      ; 4.05e-08 V                  ; 2.72 V             ; -0.0349 V          ; 0.173 V                             ; 0.1 V                               ; 2.72e-10 s                 ; 2.69e-10 s                 ; Yes                       ; Yes                       ;
; ~ALTERA_DCLK~ ; 2.5 V        ; 0 s                 ; 0 s                 ; 2.62 V                       ; 2.22e-08 V                   ; 2.74 V              ; -0.06 V             ; 0.158 V                              ; 0.08 V                               ; 2.68e-10 s                  ; 2.19e-10 s                  ; Yes                        ; Yes                        ; 2.62 V                      ; 2.22e-08 V                  ; 2.74 V             ; -0.06 V            ; 0.158 V                             ; 0.08 V                              ; 2.68e-10 s                 ; 2.19e-10 s                 ; Yes                       ; Yes                       ;
; ~ALTERA_nCEO~ ; 2.5 V        ; 0 s                 ; 0 s                 ; 2.62 V                       ; 3.54e-08 V                   ; 2.7 V               ; -0.00943 V          ; 0.276 V                              ; 0.035 V                              ; 3.19e-10 s                  ; 4.99e-10 s                  ; No                         ; Yes                        ; 2.62 V                      ; 3.54e-08 V                  ; 2.7 V              ; -0.00943 V         ; 0.276 V                             ; 0.035 V                             ; 3.19e-10 s                 ; 4.99e-10 s                 ; No                        ; Yes                       ;
+---------------+--------------+---------------------+---------------------+------------------------------+------------------------------+---------------------+---------------------+--------------------------------------+--------------------------------------+-----------------------------+-----------------------------+----------------------------+----------------------------+-----------------------------+-----------------------------+--------------------+--------------------+-------------------------------------+-------------------------------------+----------------------------+----------------------------+---------------------------+---------------------------+


+-------------------------------------------------------------------+
; Setup Transfers                                                   ;
+------------+----------+----------+----------+----------+----------+
; From Clock ; To Clock ; RR Paths ; FR Paths ; RF Paths ; FF Paths ;
+------------+----------+----------+----------+----------+----------+
; CLK        ; CLK      ; 1        ; 0        ; 0        ; 0        ;
; CLRN       ; CLK      ; 1        ; 1        ; 0        ; 0        ;
; CLRN       ; CLRN     ; 0        ; 0        ; 2        ; 4        ;
+------------+----------+----------+----------+----------+----------+
Entries labeled "false path" only account for clock-to-clock false paths and not path-based false paths. As a result, actual path counts may be lower than reported.


+-------------------------------------------------------------------+
; Hold Transfers                                                    ;
+------------+----------+----------+----------+----------+----------+
; From Clock ; To Clock ; RR Paths ; FR Paths ; RF Paths ; FF Paths ;
+------------+----------+----------+----------+----------+----------+
; CLK        ; CLK      ; 1        ; 0        ; 0        ; 0        ;
; CLRN       ; CLK      ; 1        ; 1        ; 0        ; 0        ;
; CLRN       ; CLRN     ; 0        ; 0        ; 2        ; 4        ;
+------------+----------+----------+----------+----------+----------+
Entries labeled "false path" only account for clock-to-clock false paths and not path-based false paths. As a result, actual path counts may be lower than reported.


+-------------------------------------------------------------------+
; Recovery Transfers                                                ;
+------------+----------+----------+----------+----------+----------+
; From Clock ; To Clock ; RR Paths ; FR Paths ; RF Paths ; FF Paths ;
+------------+----------+----------+----------+----------+----------+
; CLRN       ; CLK      ; 1        ; 1        ; 0        ; 0        ;
; CLRN       ; CLRN     ; 0        ; 0        ; 2        ; 2        ;
+------------+----------+----------+----------+----------+----------+
Entries labeled "false path" only account for clock-to-clock false paths and not path-based false paths. As a result, actual path counts may be lower than reported.


+-------------------------------------------------------------------+
; Removal Transfers                                                 ;
+------------+----------+----------+----------+----------+----------+
; From Clock ; To Clock ; RR Paths ; FR Paths ; RF Paths ; FF Paths ;
+------------+----------+----------+----------+----------+----------+
; CLRN       ; CLK      ; 1        ; 1        ; 0        ; 0        ;
; CLRN       ; CLRN     ; 0        ; 0        ; 2        ; 2        ;
+------------+----------+----------+----------+----------+----------+
Entries labeled "false path" only account for clock-to-clock false paths and not path-based false paths. As a result, actual path counts may be lower than reported.


---------------
; Report TCCS ;
---------------
No dedicated SERDES Transmitter circuitry present in device or used in design


---------------
; Report RSKM ;
---------------
No non-DPA dedicated SERDES Receiver circuitry present in device or used in design


+------------------------------------------------+
; Unconstrained Paths Summary                    ;
+---------------------------------+-------+------+
; Property                        ; Setup ; Hold ;
+---------------------------------+-------+------+
; Illegal Clocks                  ; 0     ; 0    ;
; Unconstrained Clocks            ; 0     ; 0    ;
; Unconstrained Input Ports       ; 3     ; 3    ;
; Unconstrained Input Port Paths  ; 13    ; 13   ;
; Unconstrained Output Ports      ; 3     ; 3    ;
; Unconstrained Output Port Paths ; 12    ; 12   ;
+---------------------------------+-------+------+


+-------------------------------------+
; Clock Status Summary                ;
+--------+-------+------+-------------+
; Target ; Clock ; Type ; Status      ;
+--------+-------+------+-------------+
; CLK    ; CLK   ; Base ; Constrained ;
; CLRN   ; CLRN  ; Base ; Constrained ;
+--------+-------+------+-------------+


+---------------------------------------------------------------------------------------------------+
; Unconstrained Input Ports                                                                         ;
+------------+--------------------------------------------------------------------------------------+
; Input Port ; Comment                                                                              ;
+------------+--------------------------------------------------------------------------------------+
; CLRN       ; No input delay, min/max delays, false-path exceptions, or max skew assignments found ;
; ENABLE     ; No input delay, min/max delays, false-path exceptions, or max skew assignments found ;
; PRN        ; No input delay, min/max delays, false-path exceptions, or max skew assignments found ;
+------------+--------------------------------------------------------------------------------------+


+-----------------------------------------------------------------------------------------------------+
; Unconstrained Output Ports                                                                          ;
+-------------+---------------------------------------------------------------------------------------+
; Output Port ; Comment                                                                               ;
+-------------+---------------------------------------------------------------------------------------+
; OUT_0       ; No output delay, min/max delays, false-path exceptions, or max skew assignments found ;
; OUT_1       ; No output delay, min/max delays, false-path exceptions, or max skew assignments found ;
; OUT_2       ; No output delay, min/max delays, false-path exceptions, or max skew assignments found ;
+-------------+---------------------------------------------------------------------------------------+


+---------------------------------------------------------------------------------------------------+
; Unconstrained Input Ports                                                                         ;
+------------+--------------------------------------------------------------------------------------+
; Input Port ; Comment                                                                              ;
+------------+--------------------------------------------------------------------------------------+
; CLRN       ; No input delay, min/max delays, false-path exceptions, or max skew assignments found ;
; ENABLE     ; No input delay, min/max delays, false-path exceptions, or max skew assignments found ;
; PRN        ; No input delay, min/max delays, false-path exceptions, or max skew assignments found ;
+------------+--------------------------------------------------------------------------------------+


+-----------------------------------------------------------------------------------------------------+
; Unconstrained Output Ports                                                                          ;
+-------------+---------------------------------------------------------------------------------------+
; Output Port ; Comment                                                                               ;
+-------------+---------------------------------------------------------------------------------------+
; OUT_0       ; No output delay, min/max delays, false-path exceptions, or max skew assignments found ;
; OUT_1       ; No output delay, min/max delays, false-path exceptions, or max skew assignments found ;
; OUT_2       ; No output delay, min/max delays, false-path exceptions, or max skew assignments found ;
+-------------+---------------------------------------------------------------------------------------+


+------------------------------------+
; TimeQuest Timing Analyzer Messages ;
+------------------------------------+
Info: *******************************************************************
Info: Running Quartus Prime TimeQuest Timing Analyzer
    Info: Version 16.1.0 Build 196 10/24/2016 SJ Standard Edition
    Info: Processing started: Fri Dec 01 15:46:51 2017
Info: Command: quartus_sta counter -c counter
Info: qsta_default_script.tcl version: #1
Warning (18236): Number of processors has not been specified which may cause overloading on shared machines.  Set the global assignment NUM_PARALLEL_PROCESSORS in your QSF to an appropriate value for best performance.
Info (20030): Parallel compilation is enabled and will use 2 of the 2 processors detected
Info (21077): Low junction temperature is 0 degrees C
Info (21077): High junction temperature is 85 degrees C
Warning (335093): TimeQuest Timing Analyzer is analyzing 1 combinational loops as latches. For more details, run the Check Timing command in the TimeQuest Timing Analyzer or view the "User-Specified and Inferred Latches" table in the Analysis & Synthesis report.
Critical Warning (332012): Synopsys Design Constraints File file not found: 'counter.sdc'. A Synopsys Design Constraints File is required by the TimeQuest Timing Analyzer to get proper timing constraints. Without it, the Compiler will not properly optimize the design.
Info (332142): No user constrained base clocks found in the design. Calling "derive_clocks -period 1.0"
Info (332105): Deriving Clocks
    Info (332105): create_clock -period 1.000 -name CLRN CLRN
    Info (332105): create_clock -period 1.000 -name CLK CLK
Info (332143): No user constrained clock uncertainty found in the design. Calling "derive_clock_uncertainty"
Info (332123): Deriving Clock Uncertainty. Please refer to report_sdc in TimeQuest to see clock uncertainties.
Info: Found TIMEQUEST_REPORT_SCRIPT_INCLUDE_DEFAULT_ANALYSIS = ON
Info: Analyzing Slow 1200mV 85C Model
Critical Warning (332148): Timing requirements not met
    Info (11105): For recommendations on closing timing, run Report Timing Closure Recommendations in the TimeQuest Timing Analyzer.
Info (332146): Worst-case setup slack is -2.104
    Info (332119):     Slack       End Point TNS Clock 
    Info (332119): ========= =================== =====================
    Info (332119):    -2.104              -2.104 CLK 
    Info (332119):    -2.089              -3.153 CLRN 
Info (332146): Worst-case hold slack is 0.747
    Info (332119):     Slack       End Point TNS Clock 
    Info (332119): ========= =================== =====================
    Info (332119):     0.747               0.000 CLRN 
    Info (332119):     1.543               0.000 CLK 
Info (332146): Worst-case recovery slack is -1.143
    Info (332119):     Slack       End Point TNS Clock 
    Info (332119): ========= =================== =====================
    Info (332119):    -1.143              -1.143 CLK 
    Info (332119):    -0.691              -1.209 CLRN 
Info (332146): Worst-case removal slack is 0.584
    Info (332119):     Slack       End Point TNS Clock 
    Info (332119): ========= =================== =====================
    Info (332119):     0.584               0.000 CLRN 
    Info (332119):     1.153               0.000 CLK 
Info (332146): Worst-case minimum pulse width slack is -3.000
    Info (332119):     Slack       End Point TNS Clock 
    Info (332119): ========= =================== =====================
    Info (332119):    -3.000              -5.570 CLRN 
    Info (332119):    -3.000              -4.285 CLK 
Info: Analyzing Slow 1200mV 0C Model
Info (334003): Started post-fitting delay annotation
Info (334004): Delay annotation completed successfully
Info (332123): Deriving Clock Uncertainty. Please refer to report_sdc in TimeQuest to see clock uncertainties.
Critical Warning (332148): Timing requirements not met
    Info (11105): For recommendations on closing timing, run Report Timing Closure Recommendations in the TimeQuest Timing Analyzer.
Info (332146): Worst-case setup slack is -1.853
    Info (332119):     Slack       End Point TNS Clock 
    Info (332119): ========= =================== =====================
    Info (332119):    -1.853              -1.853 CLK 
    Info (332119):    -1.851              -2.768 CLRN 
Info (332146): Worst-case hold slack is 0.671
    Info (332119):     Slack       End Point TNS Clock 
    Info (332119): ========= =================== =====================
    Info (332119):     0.671               0.000 CLRN 
    Info (332119):     1.438               0.000 CLK 
Info (332146): Worst-case recovery slack is -0.932
    Info (332119):     Slack       End Point TNS Clock 
    Info (332119): ========= =================== =====================
    Info (332119):    -0.932              -0.932 CLK 
    Info (332119):    -0.641              -1.127 CLRN 
Info (332146): Worst-case removal slack is 0.562
    Info (332119):     Slack       End Point TNS Clock 
    Info (332119): ========= =================== =====================
    Info (332119):     0.562               0.000 CLRN 
    Info (332119):     1.054               0.000 CLK 
Info (332146): Worst-case minimum pulse width slack is -3.000
    Info (332119):     Slack       End Point TNS Clock 
    Info (332119): ========= =================== =====================
    Info (332119):    -3.000              -5.570 CLRN 
    Info (332119):    -3.000              -4.285 CLK 
Info: Analyzing Fast 1200mV 0C Model
Info (332123): Deriving Clock Uncertainty. Please refer to report_sdc in TimeQuest to see clock uncertainties.
Critical Warning (332148): Timing requirements not met
    Info (11105): For recommendations on closing timing, run Report Timing Closure Recommendations in the TimeQuest Timing Analyzer.
Info (332146): Worst-case setup slack is -1.075
    Info (332119):     Slack       End Point TNS Clock 
    Info (332119): ========= =================== =====================
    Info (332119):    -1.075              -1.075 CLK 
    Info (332119):    -0.596              -0.603 CLRN 
Info (332146): Worst-case hold slack is 0.415
    Info (332119):     Slack       End Point TNS Clock 
    Info (332119): ========= =================== =====================
    Info (332119):     0.415               0.000 CLRN 
    Info (332119):     0.724               0.000 CLK 
Info (332146): Worst-case recovery slack is -0.710
    Info (332119):     Slack       End Point TNS Clock 
    Info (332119): ========= =================== =====================
    Info (332119):    -0.710              -0.710 CLK 
    Info (332119):     0.327               0.000 CLRN 
Info (332146): Worst-case removal slack is 0.241
    Info (332119):     Slack       End Point TNS Clock 
    Info (332119): ========= =================== =====================
    Info (332119):     0.241               0.000 CLRN 
    Info (332119):     0.520               0.000 CLK 
Info (332146): Worst-case minimum pulse width slack is -3.000
    Info (332119):     Slack       End Point TNS Clock 
    Info (332119): ========= =================== =====================
    Info (332119):    -3.000              -5.362 CLRN 
    Info (332119):    -3.000              -4.094 CLK 
Info (332102): Design is not fully constrained for setup requirements
Info (332102): Design is not fully constrained for hold requirements
Info: Quartus Prime TimeQuest Timing Analyzer was successful. 0 errors, 6 warnings
    Info: Peak virtual memory: 709 megabytes
    Info: Processing ended: Fri Dec 01 15:46:56 2017
    Info: Elapsed time: 00:00:05
    Info: Total CPU time (on all processors): 00:00:02


