------------------------------------------------------------
TimeQuest Timing Analyzer Summary
------------------------------------------------------------

Type  : Slow 1200mV 85C Model Setup 'clock_generator:inst|clock_divider_1024:inst|inst10'
Slack : -2.405
TNS   : -7.230

Type  : Slow 1200mV 85C Model Setup 'CLK'
Slack : -2.324
TNS   : -7.061

Type  : Slow 1200mV 85C Model Setup 'clock_generator:inst|clock_divider_1024:inst8|inst10'
Slack : -1.843
TNS   : -4.123

Type  : Slow 1200mV 85C Model Setup 'inst3'
Slack : -0.465
TNS   : -0.465

Type  : Slow 1200mV 85C Model Setup 'clock_generator:inst|inst7'
Slack : -0.408
TNS   : -0.408

Type  : Slow 1200mV 85C Model Setup 'inst4'
Slack : 0.210
TNS   : 0.000

Type  : Slow 1200mV 85C Model Hold 'CLK'
Slack : 0.401
TNS   : 0.000

Type  : Slow 1200mV 85C Model Hold 'clock_generator:inst|clock_divider_1024:inst|inst10'
Slack : 0.402
TNS   : 0.000

Type  : Slow 1200mV 85C Model Hold 'clock_generator:inst|clock_divider_1024:inst8|inst10'
Slack : 0.406
TNS   : 0.000

Type  : Slow 1200mV 85C Model Hold 'inst4'
Slack : 0.445
TNS   : 0.000

Type  : Slow 1200mV 85C Model Hold 'clock_generator:inst|inst7'
Slack : 0.486
TNS   : 0.000

Type  : Slow 1200mV 85C Model Hold 'inst3'
Slack : 0.552
TNS   : 0.000

Type  : Slow 1200mV 85C Model Recovery 'clock_generator:inst|inst7'
Slack : -2.011
TNS   : -2.011

Type  : Slow 1200mV 85C Model Recovery 'inst3'
Slack : -1.229
TNS   : -1.229

Type  : Slow 1200mV 85C Model Recovery 'inst4'
Slack : -1.147
TNS   : -1.147

Type  : Slow 1200mV 85C Model Removal 'inst4'
Slack : 0.451
TNS   : 0.000

Type  : Slow 1200mV 85C Model Removal 'inst3'
Slack : 0.509
TNS   : 0.000

Type  : Slow 1200mV 85C Model Removal 'clock_generator:inst|inst7'
Slack : 0.708
TNS   : 0.000

Type  : Slow 1200mV 85C Model Minimum Pulse Width 'CLK'
Slack : -3.000
TNS   : -15.850

Type  : Slow 1200mV 85C Model Minimum Pulse Width 'clock_generator:inst|clock_divider_1024:inst|inst10'
Slack : -1.285
TNS   : -12.850

Type  : Slow 1200mV 85C Model Minimum Pulse Width 'clock_generator:inst|clock_divider_1024:inst8|inst10'
Slack : -1.285
TNS   : -8.995

Type  : Slow 1200mV 85C Model Minimum Pulse Width 'clock_generator:inst|inst7'
Slack : -1.285
TNS   : -1.285

Type  : Slow 1200mV 85C Model Minimum Pulse Width 'inst3'
Slack : -1.285
TNS   : -1.285

Type  : Slow 1200mV 85C Model Minimum Pulse Width 'inst4'
Slack : -1.285
TNS   : -1.285

Type  : Slow 1200mV 0C Model Setup 'clock_generator:inst|clock_divider_1024:inst|inst10'
Slack : -2.113
TNS   : -5.684

Type  : Slow 1200mV 0C Model Setup 'CLK'
Slack : -2.053
TNS   : -5.501

Type  : Slow 1200mV 0C Model Setup 'clock_generator:inst|clock_divider_1024:inst8|inst10'
Slack : -1.612
TNS   : -3.158

Type  : Slow 1200mV 0C Model Setup 'inst3'
Slack : -0.383
TNS   : -0.383

Type  : Slow 1200mV 0C Model Setup 'clock_generator:inst|inst7'
Slack : -0.322
TNS   : -0.322

Type  : Slow 1200mV 0C Model Setup 'inst4'
Slack : 0.297
TNS   : 0.000

Type  : Slow 1200mV 0C Model Hold 'CLK'
Slack : 0.352
TNS   : 0.000

Type  : Slow 1200mV 0C Model Hold 'clock_generator:inst|clock_divider_1024:inst|inst10'
Slack : 0.353
TNS   : 0.000

Type  : Slow 1200mV 0C Model Hold 'clock_generator:inst|clock_divider_1024:inst8|inst10'
Slack : 0.356
TNS   : 0.000

Type  : Slow 1200mV 0C Model Hold 'inst4'
Slack : 0.398
TNS   : 0.000

Type  : Slow 1200mV 0C Model Hold 'clock_generator:inst|inst7'
Slack : 0.438
TNS   : 0.000

Type  : Slow 1200mV 0C Model Hold 'inst3'
Slack : 0.529
TNS   : 0.000

Type  : Slow 1200mV 0C Model Recovery 'clock_generator:inst|inst7'
Slack : -1.735
TNS   : -1.735

Type  : Slow 1200mV 0C Model Recovery 'inst3'
Slack : -1.018
TNS   : -1.018

Type  : Slow 1200mV 0C Model Recovery 'inst4'
Slack : -0.946
TNS   : -0.946

Type  : Slow 1200mV 0C Model Removal 'inst4'
Slack : 0.398
TNS   : 0.000

Type  : Slow 1200mV 0C Model Removal 'inst3'
Slack : 0.453
TNS   : 0.000

Type  : Slow 1200mV 0C Model Removal 'clock_generator:inst|inst7'
Slack : 0.646
TNS   : 0.000

Type  : Slow 1200mV 0C Model Minimum Pulse Width 'CLK'
Slack : -3.000
TNS   : -15.850

Type  : Slow 1200mV 0C Model Minimum Pulse Width 'clock_generator:inst|clock_divider_1024:inst|inst10'
Slack : -1.285
TNS   : -12.850

Type  : Slow 1200mV 0C Model Minimum Pulse Width 'clock_generator:inst|clock_divider_1024:inst8|inst10'
Slack : -1.285
TNS   : -8.995

Type  : Slow 1200mV 0C Model Minimum Pulse Width 'clock_generator:inst|inst7'
Slack : -1.285
TNS   : -1.285

Type  : Slow 1200mV 0C Model Minimum Pulse Width 'inst3'
Slack : -1.285
TNS   : -1.285

Type  : Slow 1200mV 0C Model Minimum Pulse Width 'inst4'
Slack : -1.285
TNS   : -1.285

Type  : Fast 1200mV 0C Model Setup 'clock_generator:inst|clock_divider_1024:inst|inst10'
Slack : -0.677
TNS   : -0.710

Type  : Fast 1200mV 0C Model Setup 'CLK'
Slack : -0.619
TNS   : -0.619

Type  : Fast 1200mV 0C Model Setup 'clock_generator:inst|clock_divider_1024:inst8|inst10'
Slack : -0.402
TNS   : -0.402

Type  : Fast 1200mV 0C Model Setup 'inst3'
Slack : 0.074
TNS   : 0.000

Type  : Fast 1200mV 0C Model Setup 'clock_generator:inst|inst7'
Slack : 0.076
TNS   : 0.000

Type  : Fast 1200mV 0C Model Setup 'inst4'
Slack : 0.624
TNS   : 0.000

Type  : Fast 1200mV 0C Model Hold 'CLK'
Slack : 0.180
TNS   : 0.000

Type  : Fast 1200mV 0C Model Hold 'clock_generator:inst|clock_divider_1024:inst|inst10'
Slack : 0.181
TNS   : 0.000

Type  : Fast 1200mV 0C Model Hold 'clock_generator:inst|clock_divider_1024:inst8|inst10'
Slack : 0.183
TNS   : 0.000

Type  : Fast 1200mV 0C Model Hold 'inst4'
Slack : 0.206
TNS   : 0.000

Type  : Fast 1200mV 0C Model Hold 'inst3'
Slack : 0.213
TNS   : 0.000

Type  : Fast 1200mV 0C Model Hold 'clock_generator:inst|inst7'
Slack : 0.223
TNS   : 0.000

Type  : Fast 1200mV 0C Model Recovery 'clock_generator:inst|inst7'
Slack : -0.777
TNS   : -0.777

Type  : Fast 1200mV 0C Model Recovery 'inst3'
Slack : -0.111
TNS   : -0.111

Type  : Fast 1200mV 0C Model Recovery 'inst4'
Slack : -0.068
TNS   : -0.068

Type  : Fast 1200mV 0C Model Removal 'inst4'
Slack : 0.209
TNS   : 0.000

Type  : Fast 1200mV 0C Model Removal 'inst3'
Slack : 0.238
TNS   : 0.000

Type  : Fast 1200mV 0C Model Removal 'clock_generator:inst|inst7'
Slack : 0.333
TNS   : 0.000

Type  : Fast 1200mV 0C Model Minimum Pulse Width 'CLK'
Slack : -3.000
TNS   : -13.600

Type  : Fast 1200mV 0C Model Minimum Pulse Width 'clock_generator:inst|clock_divider_1024:inst|inst10'
Slack : -1.000
TNS   : -10.000

Type  : Fast 1200mV 0C Model Minimum Pulse Width 'clock_generator:inst|clock_divider_1024:inst8|inst10'
Slack : -1.000
TNS   : -7.000

Type  : Fast 1200mV 0C Model Minimum Pulse Width 'clock_generator:inst|inst7'
Slack : -1.000
TNS   : -1.000

Type  : Fast 1200mV 0C Model Minimum Pulse Width 'inst3'
Slack : -1.000
TNS   : -1.000

Type  : Fast 1200mV 0C Model Minimum Pulse Width 'inst4'
Slack : -1.000
TNS   : -1.000

------------------------------------------------------------
