------------------------------------------------------------
TimeQuest Timing Analyzer Summary
------------------------------------------------------------

Type  : Slow 1200mV 85C Model Setup 'BOARD_CLOCK'
Slack : -0.565
TNS   : -0.565

Type  : Slow 1200mV 85C Model Setup 'counter:inst2|inst'
Slack : -0.400
TNS   : -0.400

Type  : Slow 1200mV 85C Model Hold 'counter:inst2|inst'
Slack : 0.131
TNS   : 0.000

Type  : Slow 1200mV 85C Model Hold 'BOARD_CLOCK'
Slack : 0.589
TNS   : 0.000

Type  : Slow 1200mV 85C Model Minimum Pulse Width 'BOARD_CLOCK'
Slack : -3.000
TNS   : -4.285

Type  : Slow 1200mV 85C Model Minimum Pulse Width 'counter:inst2|inst'
Slack : -1.285
TNS   : -1.285

Type  : Slow 1200mV 0C Model Setup 'BOARD_CLOCK'
Slack : -0.405
TNS   : -0.405

Type  : Slow 1200mV 0C Model Setup 'counter:inst2|inst'
Slack : -0.289
TNS   : -0.289

Type  : Slow 1200mV 0C Model Hold 'counter:inst2|inst'
Slack : 0.102
TNS   : 0.000

Type  : Slow 1200mV 0C Model Hold 'BOARD_CLOCK'
Slack : 0.492
TNS   : 0.000

Type  : Slow 1200mV 0C Model Minimum Pulse Width 'BOARD_CLOCK'
Slack : -3.000
TNS   : -4.285

Type  : Slow 1200mV 0C Model Minimum Pulse Width 'counter:inst2|inst'
Slack : -1.285
TNS   : -1.285

Type  : Fast 1200mV 0C Model Setup 'BOARD_CLOCK'
Slack : -0.099
TNS   : -0.099

Type  : Fast 1200mV 0C Model Setup 'counter:inst2|inst'
Slack : 0.360
TNS   : 0.000

Type  : Fast 1200mV 0C Model Hold 'counter:inst2|inst'
Slack : 0.058
TNS   : 0.000

Type  : Fast 1200mV 0C Model Hold 'BOARD_CLOCK'
Slack : 0.271
TNS   : 0.000

Type  : Fast 1200mV 0C Model Minimum Pulse Width 'BOARD_CLOCK'
Slack : -3.000
TNS   : -4.070

Type  : Fast 1200mV 0C Model Minimum Pulse Width 'counter:inst2|inst'
Slack : -1.000
TNS   : -1.000

------------------------------------------------------------
